14:06:09:324       -------------------------------------------------------------------
14:06:09:325                        STM32CubeProgrammer v2.23.0                  
14:06:09:325       -------------------------------------------------------------------

14:06:09:325 

14:06:09:325 Log output file:   .\logs\lesson_0_3\cube_connect_trace.log
14:06:09:325 Command line:  -c port=SWD -halt -score -corereg msp pc xpsr -vb 2 -log ".\logs\lesson_0_3\cube_connect_trace.log"
14:06:09:325 
14:06:09:373 ST-LINK SN  : 50FF73065075555214370987
14:06:09:373 ST-LINK FW  : V2J44S7
14:06:09:374 Board       : --
14:06:09:375 Voltage     : 3.21V
14:06:09:404 SWD freq    : 4000 KHz
14:06:09:404 Connect mode: Normal
14:06:09:405 Reset mode  : Software reset
14:06:09:409 Device ID   : 0x450
14:06:09:414 Revision ID : Rev V
14:06:09:470 Buffer program...
14:06:09:471 w ap 0 @0x580244F4 : 0x00000004 bytes, Data 0x00000002...
14:06:09:471 Reading data...
14:06:09:472 r ap 0 @0x58000528 0x00000004 bytes Data 0x00000001
14:06:09:472 Buffer program...
14:06:09:472 w ap 0 @0x580244F4 : 0x00000004 bytes, Data 0x00000002...
14:06:09:472 Reading data...
14:06:09:473 r ap 0 @0x58000528 0x00000004 bytes Data 0x00000001
14:06:09:474 Buffer program...
14:06:09:474 w ap 0 @0x580244F4 : 0x00000004 bytes, Data 0x00000002...
14:06:09:475 Reading data...
14:06:09:475 r ap 0 @0x58000528 0x00000004 bytes Data 0x00000001
14:06:09:475 Buffer program...
14:06:09:475 w ap 0 @0x580244F4 : 0x00000004 bytes, Data 0x00000002...
14:06:09:475 Reading data...
14:06:09:476 r ap 0 @0x58000528 0x00000004 bytes Data 0x00000001
14:06:09:476 Reading data...
14:06:09:477 r ap 0 @0x1FF1E880 0x00000004 bytes Data 0x00000800
14:06:09:477 Database: Config 3 is active.
14:06:09:493 flash loader C:/Program Files/STMicroelectronics/STM32Cube/STM32CubeProgrammer/bin/FlashLoader/0x450.stldr is loaded
14:06:09:500 Buffer program...
14:06:09:501 w ap 0 @0x580244F4 : 0x00000004 bytes, Data 0x00000002...
14:06:09:501 Reading data...
14:06:09:501 r ap 0 @0x58000528 0x00000004 bytes Data 0x00000001
14:06:09:501 Buffer program...
14:06:09:501 w ap 0 @0x580244F4 : 0x00000004 bytes, Data 0x00000002...
14:06:09:501 Reading data...
14:06:09:503 r ap 0 @0x58000528 0x00000004 bytes Data 0x00000001
14:06:09:503 Buffer program...
14:06:09:503 w ap 0 @0x580244F4 : 0x00000004 bytes, Data 0x00000002...
14:06:09:503 Reading data...
14:06:09:505 r ap 0 @0x58000528 0x00000004 bytes Data 0x00000001
14:06:09:505 Buffer program...
14:06:09:506 w ap 0 @0x580244F4 : 0x00000004 bytes, Data 0x00000002...
14:06:09:506 Reading data...
14:06:09:506 r ap 0 @0x58000528 0x00000004 bytes Data 0x00000001
14:06:09:507 Reading data...
14:06:09:508 r ap 0 @0x1FF1E880 0x00000004 bytes Data 0x00000800
14:06:09:508 Database: Config 3 is active.
14:06:09:509 Device name : STM32H7xx
14:06:09:509 Reading data...
14:06:09:509 r ap 0 @0x1FF1E880 0x00000004 bytes Data 0x00000800
14:06:09:509 NVM size    : 2 MBytes
14:06:09:510 Device type : MCU
14:06:09:510 Device CPU  : Cortex-M7
14:06:09:511 BL Version  : 0x92
14:06:09:515 
14:06:09:515 Reading data...
14:06:09:515 r ap 0 @0x1FF095F0 0x00000004 bytes Data 0x00030100
14:06:09:515 Reading data...
14:06:09:516 r ap 0 @0x1FF095F0 0x00000004 bytes Data 0x00030100
14:06:09:524 halt ap 0 
14:06:09:525 Core halted
14:06:09:526 Core is halted
14:06:09:528 halt ap 0 
14:06:09:529 halt ap 0 
14:06:09:530 r ap 0 reg 17 MSP  0xAEDFECD0
14:06:09:530 MSP      = 0x24014260
14:06:09:530 halt ap 0 
14:06:09:531 r ap 0 reg 15 PC   0xAEDFECD0
14:06:09:531 PC       = 0x08000450
14:06:09:532 halt ap 0 
14:06:09:532 r ap 0 reg 16 xPSR 0xAEDFECD0
14:06:09:532 XPSR     = 0x01000000
14:06:09:535 Disconnected
